// Jest Snapshot v1, https://goo.gl/fbAQLP

exports[`CallToActionContent renders properly 1`] = `"<section class=\\"container mx-auto text-center py-6 mb-12\\"><h1 class=\\"w-full my-2 text-5xl font-bold leading-tight text-center text-white\\">Call to Action</h1> <div class=\\"w-full mb-4\\"><div class=\\"h-1 mx-auto bg-white w-1/6 opacity-25 my-0 py-0 rounded-t\\"></div></div> <h3 class=\\"my-4 text-3xl leading-tight\\">Main Hero Message to sell yourself!</h3> <button class=\\"mx-auto lg:mx-0 hover:underline bg-white text-gray-800 font-bold rounded-full my-6 py-4 px-8 shadow-lg\\">Action!</button></section>"`;
