// Jest Snapshot v1, https://goo.gl/fbAQLP

exports[`Teasers renders properly 1`] = `"<section class=\\"bg-white border-b py-8\\"><div class=\\"container mx-auto flex flex-wrap pt-4 pb-12\\"><h1 class=\\"w-full my-2 text-5xl font-bold leading-tight text-center text-gray-800\\">Title</h1> <div class=\\"w-full mb-4\\"><div class=\\"h-1 mx-auto gradient w-64 opacity-25 my-0 py-0 rounded-t\\"></div></div> <teaser-column-stub rows=\\"3\\" action=\\"Action\\"></teaser-column-stub> <teaser-column-stub rows=\\"3\\" action=\\"Action\\"></teaser-column-stub> <teaser-column-stub rows=\\"3\\" action=\\"Action\\"></teaser-column-stub></div></section>"`;
