// Jest Snapshot v1, https://goo.gl/fbAQLP

exports[`TheFooter renders properly 1`] = `
"<footer class=\\"bg-white\\">
  <div class=\\"container mx-auto px-8\\">
    <div class=\\"w-full flex flex-col md:flex-row py-6\\">
      <div class=\\"flex-1 mb-6\\">
        <logo-stub></logo-stub>
      </div>
      <div class=\\"flex-1\\">
        <p class=\\"uppercase text-gray-500 md:mb-6\\">
          קישורים
        </p>
        <ul class=\\"list-reset mb-6\\">
          <li class=\\"mt-2 inline-block mr-2 md:block md:mr-0\\"><a href=\\"#\\" class=\\"no-underline hover:underline text-gray-800 hover:text-orange-500\\">שאלות נפוצות</a></li>
          <li class=\\"mt-2 inline-block mr-2 md:block md:mr-0\\"><a href=\\"#\\" class=\\"no-underline hover:underline text-gray-800 hover:text-orange-500\\">צור קשר</a></li>
          <li class=\\"mt-2 inline-block mr-2 md:block md:mr-0\\"><a href=\\"https://github.com/baruchiro/israeli-bank-scrapers-desktop/issues/new\\" target=\\"_blank\\" class=\\"no-underline hover:underline text-gray-800 hover:text-orange-500\\">תמיכה</a></li>
        </ul>
      </div>
      <div class=\\"flex-1\\">
        <p class=\\"uppercase text-gray-500 md:mb-6\\">
          משפטי
        </p>
        <ul class=\\"list-reset mb-6\\">
          <li class=\\"mt-2 inline-block mr-2 md:block md:mr-0\\"><a href=\\"https://github.com/baruchiro/israeli-bank-scrapers-desktop/blob/master/LICENSE\\" target=\\"_blank\\" class=\\"no-underline hover:underline text-gray-800 hover:text-orange-500\\">רשיון</a></li>
        </ul>
      </div>
      <div class=\\"flex-1\\">
        <p class=\\"uppercase text-gray-500 md:mb-6\\">
          מפתחים
        </p>
        <ul class=\\"list-reset mb-6\\">
          <li class=\\"mt-2 inline-block mr-2 md:block md:mr-0\\"><a href=\\"https://github.com/baruchiro/israeli-bank-scrapers-desktop\\" target=\\"_blank\\" class=\\"no-underline hover:underline text-gray-800 hover:text-orange-500\\">GitHub</a></li>
          <li class=\\"mt-2 inline-block mr-2 md:block md:mr-0\\"><a href=\\"https://github.com/baruchiro\\" target=\\"_blank\\" class=\\"no-underline hover:underline text-gray-800 hover:text-orange-500\\">ברוך אודם</a></li>
          <li class=\\"mt-2 inline-block mr-2 md:block md:mr-0\\"><a href=\\"https://github.com/Arielgordon123\\" target=\\"_blank\\" class=\\"no-underline hover:underline text-gray-800 hover:text-orange-500\\">אריאל גורדון</a></li>
        </ul>
      </div>
    </div>
  </div> <a href=\\"https://www.freepik.com/free-photos-vectors/background\\">Background vector created by freepik - www.freepik.com</a>
</footer>"
`;
